{
  _type: 'element',
  tags: null,
  links: null,
  viewOf: 'ukps.backend_api',
  _stage: 'layouted',
  sourcePath: 'src/model.views.c4',
  description: {
    md: 'Optional Level 3 refinement of the modular monolith,\nhighlighting the main backend responsibility areas.',
  },
  title: 'UK PharmaScan Backend API Components',
  id: 'backend',
  autoLayout: {
    direction: 'TB',
  },
  notation: {
    nodes: [
      {
        title: 'Container: Web Application',
        shape: 'browser',
        color: 'secondary',
        kinds: [
          'webapp',
        ],
      },
      {
        title: 'Component',
        shape: 'rectangle',
        color: 'green',
        kinds: [
          'component',
        ],
      },
      {
        title: 'Container: Service',
        shape: 'rectangle',
        color: 'green',
        kinds: [
          'service',
        ],
      },
      {
        title: 'External Software System',
        shape: 'rectangle',
        color: 'secondary',
        kinds: [
          'external-system',
        ],
      },
      {
        title: 'Container: Database',
        shape: 'storage',
        color: 'secondary',
        kinds: [
          'database',
        ],
      },
      {
        title: 'Container: Object Storage',
        shape: 'storage',
        color: 'secondary',
        kinds: [
          'object-storage',
        ],
      },
    ],
  },
  hash: 'yHeEsCp3km1Cyhw2B-FkHQ10don-R-2kWnNKCekMSOk',
  bounds: {
    x: -12,
    y: -20,
    width: 2352,
    height: 1202,
  },
  nodes: [
    {
      id: 'ukps.frontend',
      parent: null,
      level: 0,
      children: [],
      inEdges: [],
      outEdges: [
        '1mxwgzr',
        '9wnxtk',
      ],
      title: 'Frontend',
      modelRef: 'ukps.frontend',
      shape: 'browser',
      color: 'secondary',
      icon: 'file://./assets/logos/nextjs.svg',
      style: {
        opacity: 10,
        size: 'md',
      },
      description: {
        md: 'Public website and authenticated user interface.\nHandles SSR/CSR rendering and calls backend endpoints\nfor authentication and UKPS business APIs.',
      },
      tags: [],
      notation: 'Container: Web Application',
      technology: 'Next.js on ECS Fargate',
      kind: 'webapp',
      x: 687,
      y: 0,
      width: 380,
      height: 189,
      labelBBox: {
        x: 46,
        y: 24,
        width: 318,
        height: 139,
      },
      navigateTo: null,
      links: null,
    },
    {
      id: 'ukps.backend_api',
      parent: null,
      level: 0,
      children: [
        'ukps.backend_api.submissions',
        'ukps.backend_api.reporting',
        'ukps.backend_api.auth',
      ],
      inEdges: [
        '1mxwgzr',
      ],
      outEdges: [
        '1hyd3lw',
        'khe9ld',
        '78kq9h',
        '16idfxn',
        'msg3cv',
        'msg3mz',
      ],
      title: 'Backend API',
      modelRef: 'ukps.backend_api',
      shape: 'rectangle',
      color: 'green',
      icon: 'file://./assets/logos/dotnet.svg',
      style: {
        opacity: 100,
        size: 'md',
      },
      description: {
        md: 'Central application backend for business rules, validation,\nsubmission workflows, reporting, and access control.',
      },
      tags: [],
      notation: 'Container: Service',
      technology: '.NET modular monolith on ECS Fargate',
      kind: 'service',
      depth: 1,
      x: 8,
      y: 259,
      width: 1296,
      height: 281,
      labelBBox: {
        x: 6,
        y: 0,
        width: 80,
        height: 15,
      },
      navigateTo: null,
      links: null,
    },
    {
      id: 'ukps.backend_api.submissions',
      parent: 'ukps.backend_api',
      level: 1,
      children: [],
      inEdges: [],
      outEdges: [
        '1hyd3lw',
      ],
      title: 'Record Management Module',
      modelRef: 'ukps.backend_api.submissions',
      shape: 'rectangle',
      color: 'green',
      style: {
        opacity: 100,
        size: 'md',
      },
      description: {
        txt: 'Manages submission records, updates, and QA checks across the publishing flow.',
      },
      tags: [],
      notation: 'Component',
      kind: 'component',
      x: 48,
      y: 320,
      width: 356,
      height: 180,
      labelBBox: {
        x: 18,
        y: 56,
        width: 320,
        height: 65,
      },
      navigateTo: null,
      links: null,
    },
    {
      id: 'ukps.backend_api.reporting',
      parent: 'ukps.backend_api',
      level: 1,
      children: [],
      inEdges: [],
      outEdges: [
        'khe9ld',
        '78kq9h',
      ],
      title: 'Reporting Module',
      modelRef: 'ukps.backend_api.reporting',
      shape: 'rectangle',
      color: 'green',
      style: {
        opacity: 100,
        size: 'md',
      },
      description: {
        txt: 'Produces browseable reporting data and generated outputs.',
      },
      tags: [],
      notation: 'Component',
      kind: 'component',
      x: 514,
      y: 320,
      width: 320,
      height: 180,
      labelBBox: {
        x: 23,
        y: 56,
        width: 274,
        height: 65,
      },
      navigateTo: null,
      links: null,
    },
    {
      id: 'ukps.backend_api.auth',
      parent: 'ukps.backend_api',
      level: 1,
      children: [],
      inEdges: [],
      outEdges: [
        '16idfxn',
      ],
      title: 'Auth Module',
      modelRef: 'ukps.backend_api.auth',
      shape: 'rectangle',
      color: 'green',
      style: {
        opacity: 100,
        size: 'md',
      },
      description: {
        txt: 'Handles login and token exchange with Cognito, validates tokens, and enforces authenticated access rules.',
      },
      tags: [],
      notation: 'Component',
      kind: 'component',
      x: 944,
      y: 320,
      width: 320,
      height: 180,
      labelBBox: {
        x: 27,
        y: 47,
        width: 267,
        height: 83,
      },
      navigateTo: null,
      links: null,
    },
    {
      id: 'ses',
      parent: null,
      level: 0,
      children: [],
      inEdges: [
        'msg3cv',
      ],
      outEdges: [],
      title: 'Amazon SES',
      modelRef: 'ses',
      shape: 'rectangle',
      color: 'secondary',
      icon: 'file://./assets/logos/aws-ses.svg',
      style: {
        opacity: 10,
        size: 'md',
      },
      description: {
        txt: 'Managed outbound email service used by UKPS to send system emails.',
      },
      tags: [],
      notation: 'External Software System',
      technology: 'AWS Simple Email Service',
      kind: 'external-system',
      x: 1447,
      y: 659,
      width: 381,
      height: 180,
      labelBBox: {
        x: 46,
        y: 47,
        width: 320,
        height: 84,
      },
      navigateTo: null,
      links: null,
    },
    {
      id: 'sqs',
      parent: null,
      level: 0,
      children: [],
      inEdges: [
        'msg3mz',
      ],
      outEdges: [
        'euimos',
      ],
      title: 'Amazon SQS',
      modelRef: 'sqs',
      shape: 'rectangle',
      color: 'secondary',
      icon: 'file://./assets/logos/aws-sqs.svg',
      style: {
        opacity: 10,
        size: 'md',
      },
      description: {
        txt: 'Optional asynchronous processing channel for background jobs and integrations.',
      },
      tags: [],
      notation: 'External Software System',
      technology: 'AWS SQS',
      kind: 'external-system',
      x: 1939,
      y: 659,
      width: 354,
      height: 180,
      labelBBox: {
        x: 46,
        y: 38,
        width: 292,
        height: 102,
      },
      navigateTo: null,
      links: null,
    },
    {
      id: 'ukps.app_db',
      parent: null,
      level: 0,
      children: [],
      inEdges: [
        '1hyd3lw',
        'khe9ld',
      ],
      outEdges: [],
      title: 'UKPS Application Database',
      modelRef: 'ukps.app_db',
      shape: 'storage',
      color: 'secondary',
      icon: 'file://./assets/logos/aws-rds.svg',
      style: {
        opacity: 10,
        size: 'md',
      },
      description: {
        txt: 'Stores submissions, domain data, and reporting data.',
      },
      tags: [],
      notation: 'Container: Database',
      technology: 'Amazon Aurora PostgreSQL',
      kind: 'database',
      x: 15,
      y: 659,
      width: 373,
      height: 180,
      labelBBox: {
        x: 47,
        y: 47,
        width: 311,
        height: 84,
      },
      navigateTo: null,
      links: null,
    },
    {
      id: 'ukps.documents',
      parent: null,
      level: 0,
      children: [],
      inEdges: [
        '78kq9h',
        '9wnxtk',
      ],
      outEdges: [],
      title: 'Document and Media Store',
      modelRef: 'ukps.documents',
      shape: 'storage',
      color: 'secondary',
      icon: 'file://./assets/logos/aws-s3.svg',
      style: {
        opacity: 10,
        size: 'md',
      },
      description: {
        txt: 'Stores uploaded documents, generated PDFs, images, and media assets.',
      },
      tags: [],
      notation: 'Container: Object Storage',
      technology: 'Amazon S3',
      kind: 'object-storage',
      x: 969,
      y: 659,
      width: 368,
      height: 180,
      labelBBox: {
        x: 46,
        y: 38,
        width: 306,
        height: 102,
      },
      navigateTo: null,
      links: null,
    },
    {
      id: 'cognito',
      parent: null,
      level: 0,
      children: [],
      inEdges: [
        '16idfxn',
      ],
      outEdges: [],
      title: 'Amazon Cognito',
      modelRef: 'cognito',
      shape: 'rectangle',
      color: 'secondary',
      icon: 'file://./assets/logos/aws-cognito.svg',
      style: {
        opacity: 10,
        size: 'md',
      },
      description: {
        txt: 'Provides user pools, login flows, and JWT token issuance.',
      },
      tags: [],
      notation: 'External Software System',
      technology: 'AWS Cognito',
      kind: 'external-system',
      x: 521,
      y: 659,
      width: 338,
      height: 180,
      labelBBox: {
        x: 46,
        y: 47,
        width: 276,
        height: 84,
      },
      navigateTo: null,
      links: null,
    },
    {
      id: 'lambda',
      parent: null,
      level: 0,
      children: [],
      inEdges: [
        'euimos',
      ],
      outEdges: [],
      title: 'AWS Lambda',
      modelRef: 'lambda',
      shape: 'rectangle',
      color: 'secondary',
      icon: 'file://./assets/logos/aws-lambda.svg',
      style: {
        opacity: 10,
        size: 'md',
      },
      description: {
        txt: 'Optional event-driven compute for report generation and lightweight integrations.',
      },
      tags: [],
      notation: 'External Software System',
      technology: 'AWS Lambda',
      kind: 'external-system',
      x: 1941,
      y: 982,
      width: 350,
      height: 180,
      labelBBox: {
        x: 46,
        y: 37,
        width: 288,
        height: 103,
      },
      navigateTo: null,
      links: null,
    },
  ],
  edges: [
    {
      id: '1hyd3lw',
      source: 'ukps.backend_api.submissions',
      target: 'ukps.app_db',
      label: 'stores submission data',
      points: [
        [
          178,
          500,
        ],
        [
          170,
          519,
        ],
        [
          162,
          540,
        ],
        [
          158,
          560,
        ],
        [
          152,
          589,
        ],
        [
          155,
          620,
        ],
        [
          162,
          649,
        ],
      ],
      labelBBox: {
        x: 159,
        y: 569,
        width: 147,
        height: 18,
      },
      parent: null,
      relations: [
        '1slt8w0',
      ],
      color: 'gray',
      line: 'dashed',
      head: 'normal',
      controlPoints: null,
      navigateTo: null,
      tags: null,
    },
    {
      id: 'khe9ld',
      source: 'ukps.backend_api.reporting',
      target: 'ukps.app_db',
      label: 'reads reporting data',
      points: [
        [
          550,
          500,
        ],
        [
          483,
          547,
        ],
        [
          401,
          606,
        ],
        [
          333,
          655,
        ],
      ],
      labelBBox: {
        x: 453,
        y: 569,
        width: 129,
        height: 18,
      },
      parent: null,
      relations: [
        '1vdacc2',
      ],
      color: 'gray',
      line: 'dashed',
      head: 'normal',
      controlPoints: null,
      navigateTo: null,
      tags: null,
    },
    {
      id: '78kq9h',
      source: 'ukps.backend_api.reporting',
      target: 'ukps.documents',
      label: 'publishes reports and exports',
      points: [
        [
          818,
          500,
        ],
        [
          842,
          514,
        ],
        [
          866,
          527,
        ],
        [
          889,
          540,
        ],
        [
          907,
          550,
        ],
        [
          913,
          549,
        ],
        [
          930,
          560,
        ],
        [
          971,
          587,
        ],
        [
          1013,
          621,
        ],
        [
          1050,
          652,
        ],
      ],
      labelBBox: {
        x: 983,
        y: 569,
        width: 188,
        height: 18,
      },
      parent: null,
      relations: [
        '1y8yunr',
      ],
      color: 'gray',
      line: 'dashed',
      head: 'normal',
      controlPoints: null,
      navigateTo: null,
      tags: null,
    },
    {
      id: '16idfxn',
      source: 'ukps.backend_api.auth',
      target: 'cognito',
      label: 'performs token exchange and identity \nvalidation',
      points: [
        [
          977,
          500,
        ],
        [
          949,
          516,
        ],
        [
          919,
          530,
        ],
        [
          889,
          540,
        ],
        [
          842,
          555,
        ],
        [
          701,
          523,
        ],
        [
          668,
          560,
        ],
        [
          646,
          584,
        ],
        [
          644,
          617,
        ],
        [
          650,
          650,
        ],
      ],
      labelBBox: {
        x: 669,
        y: 561,
        width: 237,
        height: 35,
      },
      parent: null,
      relations: [
        '18ybdl9',
      ],
      color: 'gray',
      line: 'dashed',
      head: 'normal',
      controlPoints: null,
      navigateTo: null,
      tags: null,
    },
    {
      id: '9wnxtk',
      source: 'ukps.frontend',
      target: 'ukps.documents',
      label: 'retrieves documents and media',
      points: [
        [
          1067,
          113,
        ],
        [
          1163,
          133,
        ],
        [
          1271,
          174,
        ],
        [
          1331,
          259,
        ],
        [
          1403,
          361,
        ],
        [
          1374,
          423,
        ],
        [
          1331,
          540,
        ],
        [
          1316,
          581,
        ],
        [
          1289,
          619,
        ],
        [
          1261,
          651,
        ],
      ],
      labelBBox: {
        x: 1376,
        y: 399,
        width: 199,
        height: 18,
      },
      parent: null,
      relations: [
        'gq2ehy',
      ],
      color: 'gray',
      line: 'dashed',
      head: 'normal',
      controlPoints: null,
      navigateTo: null,
      tags: null,
    },
    {
      id: 'euimos',
      source: 'sqs',
      target: 'lambda',
      label: 'triggers event-driven processing',
      points: [
        [
          2116,
          839,
        ],
        [
          2116,
          881,
        ],
        [
          2116,
          930,
        ],
        [
          2116,
          972,
        ],
      ],
      labelBBox: {
        x: 2117,
        y: 900,
        width: 203,
        height: 18,
      },
      parent: null,
      relations: [
        'nem7o2',
      ],
      color: 'gray',
      line: 'dashed',
      head: 'normal',
      controlPoints: null,
      navigateTo: null,
      tags: null,
    },
    {
      id: '1mxwgzr',
      source: 'ukps.frontend',
      target: 'ukps.backend_api',
      label: '[...]',
      points: [
        [
          687,
          161,
        ],
        [
          617,
          187,
        ],
        [
          538,
          219,
        ],
        [
          468,
          254,
        ],
      ],
      labelBBox: {
        x: 546,
        y: 182,
        width: 25,
        height: 18,
      },
      parent: null,
      relations: [
        'yn04tr',
        '18efsgn',
      ],
      color: 'gray',
      line: 'dashed',
      head: 'normal',
      controlPoints: null,
      navigateTo: null,
      tags: null,
    },
    {
      id: 'msg3cv',
      source: 'ukps.backend_api',
      target: 'ses',
      label: 'sends system emails',
      points: [
        [
          1268,
          540,
        ],
        [
          1296,
          561,
        ],
        [
          1326,
          581,
        ],
        [
          1355,
          599,
        ],
        [
          1385,
          618,
        ],
        [
          1417,
          637,
        ],
        [
          1450,
          655,
        ],
      ],
      labelBBox: {
        x: 1226,
        y: 581,
        width: 134,
        height: 18,
      },
      parent: null,
      relations: [
        '1wuj44z',
      ],
      color: 'gray',
      line: 'dashed',
      head: 'normal',
      controlPoints: null,
      navigateTo: null,
      tags: null,
    },
    {
      id: 'msg3mz',
      source: 'ukps.backend_api',
      target: 'sqs',
      label: 'publishes async jobs when needed',
      points: [
        [
          1304,
          506,
        ],
        [
          1333,
          518,
        ],
        [
          1363,
          530,
        ],
        [
          1392,
          540,
        ],
        [
          1605,
          613,
        ],
        [
          1669,
          592,
        ],
        [
          1884,
          659,
        ],
        [
          1899,
          664,
        ],
        [
          1914,
          669,
        ],
        [
          1930,
          675,
        ],
      ],
      labelBBox: {
        x: 1398,
        y: 577,
        width: 221,
        height: 18,
      },
      parent: null,
      relations: [
        '1dq3gsm',
      ],
      color: 'gray',
      line: 'dashed',
      head: 'normal',
      controlPoints: null,
      navigateTo: null,
      tags: null,
    },
  ],
  _layout: 'manual',
}
