{
  _type: 'element',
  tags: null,
  links: null,
  viewOf: 'ukps',
  _stage: 'layouted',
  sourcePath: 'src/model.views.c4',
  description: {
    md: 'Level 2 container view focused on the Next.js frontend,\n.NET backend, Payload CMS, data stores, and supporting AWS services.',
  },
  title: 'UK PharmaScan Container View',
  id: 'containers',
  autoLayout: {
    direction: 'TB',
  },
  notation: {
    nodes: [
      {
        title: 'Container: Web Application',
        shape: 'browser',
        color: 'primary',
        kinds: [
          'webapp',
        ],
      },
      {
        title: 'Container: Service',
        shape: 'rectangle',
        color: 'primary',
        kinds: [
          'service',
        ],
      },
      {
        title: 'External Software System',
        shape: 'rectangle',
        color: 'muted',
        kinds: [
          'external-system',
        ],
      },
      {
        title: 'Software System',
        shape: 'rectangle',
        color: 'primary',
        kinds: [
          'system',
        ],
      },
      {
        title: 'Container: Database',
        shape: 'storage',
        color: 'primary',
        kinds: [
          'database',
        ],
      },
      {
        title: 'Container: Object Storage',
        shape: 'storage',
        color: 'amber',
        kinds: [
          'object-storage',
        ],
      },
    ],
  },
  hash: 'iuNlPdH3dz5km68ToSoR9mgKhM5YjhJO9P2HMuVUUZo',
  bounds: {
    x: 213,
    y: -20,
    width: 2719,
    height: 1281,
  },
  nodes: [
    {
      id: 'pharma_company',
      parent: null,
      level: 0,
      children: [],
      inEdges: [],
      outEdges: [
        'd52noo',
      ],
      title: 'Pharmaceutical Company',
      modelRef: 'pharma_company',
      shape: 'person',
      color: 'green',
      style: {
        opacity: 15,
        size: 'md',
      },
      description: {
        txt: 'Submits and manages pharmaceutical pipeline data.',
      },
      tags: [],
      kind: 'actor',
      x: 896,
      y: 0,
      width: 351,
      height: 180,
      labelBBox: {
        x: 18,
        y: 56,
        width: 315,
        height: 65,
      },
      navigateTo: null,
      links: null,
    },
    {
      id: 'horizon_scanner',
      parent: null,
      level: 0,
      children: [],
      inEdges: [],
      outEdges: [
        '17fq2x',
      ],
      title: 'Horizon Scanner',
      modelRef: 'horizon_scanner',
      shape: 'person',
      color: 'green',
      style: {
        opacity: 15,
        size: 'md',
      },
      description: {
        txt: 'Browses submissions and consumes reports for horizon scanning.',
      },
      tags: [],
      kind: 'actor',
      x: 1358,
      y: 0,
      width: 358,
      height: 180,
      labelBBox: {
        x: 18,
        y: 56,
        width: 322,
        height: 65,
      },
      navigateTo: null,
      links: null,
    },
    {
      id: 'strategic_org',
      parent: null,
      level: 0,
      children: [],
      inEdges: [],
      outEdges: [
        'pg88ii',
      ],
      title: 'Strategic Organisation',
      modelRef: 'strategic_org',
      shape: 'person',
      color: 'green',
      style: {
        opacity: 15,
        size: 'md',
      },
      description: {
        txt: 'Consumes reports and other published outputs.',
      },
      tags: [],
      kind: 'actor',
      x: 1826,
      y: 0,
      width: 356,
      height: 180,
      labelBBox: {
        x: 18,
        y: 65,
        width: 320,
        height: 47,
      },
      navigateTo: null,
      links: null,
    },
    {
      id: 'content_manager',
      parent: null,
      level: 0,
      children: [],
      inEdges: [],
      outEdges: [
        '6stygx',
      ],
      title: 'Content Manager',
      modelRef: 'content_manager',
      shape: 'person',
      color: 'green',
      style: {
        opacity: 15,
        size: 'md',
      },
      description: {
        txt: 'Maintains the public-facing website content through the CMS.',
      },
      tags: [],
      kind: 'actor',
      x: 2586,
      y: 681,
      width: 326,
      height: 180,
      labelBBox: {
        x: 18,
        y: 56,
        width: 290,
        height: 65,
      },
      navigateTo: null,
      links: null,
    },
    {
      id: 'qa_user',
      parent: null,
      level: 0,
      children: [],
      inEdges: [],
      outEdges: [
        '15udiax',
      ],
      title: 'QA',
      modelRef: 'qa_user',
      shape: 'person',
      color: 'green',
      style: {
        opacity: 15,
        size: 'md',
      },
      description: {
        txt: 'NICE QA users who review and quality-assure submissions as part of the publishing flow.',
      },
      tags: [],
      kind: 'actor',
      x: 2292,
      y: 0,
      width: 348,
      height: 180,
      labelBBox: {
        x: 18,
        y: 56,
        width: 312,
        height: 65,
      },
      navigateTo: null,
      links: null,
    },
    {
      id: 'ukps',
      parent: null,
      level: 0,
      children: [
        'ukps.frontend',
        'ukps.backend_api',
        'ukps.cms',
        'ukps.app_db',
        'ukps.cms_db',
        'ukps.documents',
      ],
      inEdges: [
        'd52noo',
        '17fq2x',
        'pg88ii',
        '6stygx',
        '15udiax',
      ],
      outEdges: [
        '1e6y337',
        'msg3cv',
        '1fcb04u',
        'zdemxc',
      ],
      title: 'UK PharmaScan (UKPS)',
      modelRef: 'ukps',
      shape: 'rectangle',
      color: 'primary',
      icon: 'file://./assets/logos/ukps.svg',
      style: {
        opacity: 0,
        size: 'md',
      },
      description: {
        md: 'Web-based platform for collecting, managing, and distributing\npharmaceutical pipeline data across UK healthcare stakeholders.',
      },
      tags: [],
      notation: 'Software System',
      kind: 'system',
      depth: 1,
      x: 920,
      y: 288,
      width: 1550,
      height: 953,
      labelBBox: {
        x: 6,
        y: 0,
        width: 143,
        height: 15,
      },
      navigateTo: null,
      links: null,
    },
    {
      id: 'ukps.frontend',
      parent: 'ukps',
      level: 1,
      children: [],
      inEdges: [
        'd52noo',
        '17fq2x',
        'pg88ii',
        '15udiax',
      ],
      outEdges: [
        '1mxwgzr',
        '3bgj09',
        '9wnxtk',
        '1e6y337',
      ],
      title: 'Frontend',
      modelRef: 'ukps.frontend',
      shape: 'browser',
      color: 'primary',
      icon: 'file://./assets/logos/nextjs.svg',
      style: {
        opacity: 15,
        size: 'md',
      },
      description: {
        md: 'Public website and authenticated user interface.\nHandles SSR/CSR rendering and calls backend endpoints\nfor authentication and UKPS business APIs.',
      },
      tags: [],
      notation: 'Container: Web Application',
      technology: 'Next.js on ECS Fargate',
      kind: 'webapp',
      x: 1581,
      y: 349,
      width: 380,
      height: 189,
      labelBBox: {
        x: 46,
        y: 24,
        width: 318,
        height: 138,
      },
      navigateTo: null,
      links: null,
    },
    {
      id: 'ukps.backend_api',
      parent: 'ukps',
      level: 1,
      children: [],
      inEdges: [
        '1mxwgzr',
      ],
      outEdges: [
        'p66ykx',
        'nlai5x',
        'msg3cv',
        '1fcb04u',
      ],
      title: 'Backend API',
      modelRef: 'ukps.backend_api',
      shape: 'rectangle',
      color: 'primary',
      icon: 'file://./assets/logos/dotnet.svg',
      style: {
        opacity: 15,
        size: 'md',
      },
      description: {
        md: 'Central application backend for business rules, validation,\nsubmission workflows, reporting, and access control.',
      },
      tags: [],
      notation: 'Container: Service',
      technology: '.NET modular monolith on ECS Fargate',
      kind: 'service',
      navigateTo: 'backend',
      x: 1211,
      y: 681,
      width: 340,
      height: 180,
      labelBBox: {
        x: 46,
        y: 28,
        width: 278,
        height: 121,
      },
      links: null,
    },
    {
      id: 'ukps.cms',
      parent: 'ukps',
      level: 1,
      children: [],
      inEdges: [
        '6stygx',
        '3bgj09',
      ],
      outEdges: [
        '1y7xw9f',
        'arfc5n',
        'zdemxc',
      ],
      title: 'Payload CMS',
      modelRef: 'ukps.cms',
      shape: 'rectangle',
      color: 'primary',
      icon: 'file://./assets/logos/payload.svg',
      style: {
        opacity: 15,
        size: 'md',
      },
      description: {
        md: 'Headless CMS used for static content management and the\ncontent manager admin interface.',
      },
      tags: [],
      notation: 'Container: Service',
      technology: 'Payload CMS / Node.js',
      kind: 'service',
      x: 2082,
      y: 681,
      width: 347,
      height: 180,
      labelBBox: {
        x: 46,
        y: 37,
        width: 286,
        height: 103,
      },
      navigateTo: null,
      links: null,
    },
    {
      id: 'ukps.app_db',
      parent: 'ukps',
      level: 1,
      children: [],
      inEdges: [
        'p66ykx',
      ],
      outEdges: [],
      title: 'UKPS Application Database',
      modelRef: 'ukps.app_db',
      shape: 'storage',
      color: 'primary',
      icon: 'file://./assets/logos/aws-rds.svg',
      style: {
        opacity: 30,
        size: 'md',
        multiple: true,
      },
      description: {
        txt: 'Stores submissions, domain data, and reporting data.',
      },
      tags: [],
      notation: 'Container: Database',
      technology: 'Amazon Aurora PostgreSQL',
      kind: 'database',
      x: 960,
      y: 1021,
      width: 373,
      height: 180,
      labelBBox: {
        x: 46,
        y: 46,
        width: 311,
        height: 85,
      },
      navigateTo: null,
      links: null,
    },
    {
      id: 'ses',
      parent: null,
      level: 0,
      children: [],
      inEdges: [
        'msg3cv',
      ],
      outEdges: [],
      title: 'Amazon SES',
      modelRef: 'ses',
      shape: 'rectangle',
      color: 'muted',
      icon: 'file://./assets/logos/aws-ses.svg',
      style: {
        opacity: 20,
        size: 'md',
      },
      description: {
        txt: 'Managed outbound email service used by UKPS to send system emails.',
      },
      tags: [],
      notation: 'External Software System',
      technology: 'AWS Simple Email Service',
      kind: 'external-system',
      x: 470,
      y: 411,
      width: 381,
      height: 180,
      labelBBox: {
        x: 46,
        y: 46,
        width: 320,
        height: 85,
      },
      navigateTo: null,
      links: null,
    },
    {
      id: 'ukps.cms_db',
      parent: 'ukps',
      level: 1,
      children: [],
      inEdges: [
        '1y7xw9f',
      ],
      outEdges: [],
      title: 'CMS Database',
      modelRef: 'ukps.cms_db',
      shape: 'storage',
      color: 'primary',
      icon: 'file://./assets/logos/aws-rds.svg',
      style: {
        opacity: 30,
        size: 'md',
        multiple: true,
      },
      description: {
        txt: 'Stores public site content, CMS metadata, and admin state.',
      },
      tags: [],
      notation: 'Container: Database',
      technology: 'Amazon Aurora PostgreSQL',
      kind: 'database',
      x: 2089,
      y: 1021,
      width: 333,
      height: 180,
      labelBBox: {
        x: 46,
        y: 46,
        width: 272,
        height: 85,
      },
      navigateTo: null,
      links: null,
    },
    {
      id: 'ukps.documents',
      parent: 'ukps',
      level: 1,
      children: [],
      inEdges: [
        '9wnxtk',
        'nlai5x',
        'arfc5n',
      ],
      outEdges: [],
      title: 'Document and Media Store',
      modelRef: 'ukps.documents',
      shape: 'storage',
      color: 'amber',
      icon: 'file://./assets/logos/aws-s3.svg',
      style: {
        opacity: 30,
        size: 'md',
        multiple: true,
      },
      description: {
        txt: 'Stores uploaded documents, generated PDFs, images, and media assets.',
      },
      tags: [],
      notation: 'Container: Object Storage',
      technology: 'Amazon S3',
      kind: 'object-storage',
      x: 1587,
      y: 1021,
      width: 368,
      height: 180,
      labelBBox: {
        x: 46,
        y: 37,
        width: 306,
        height: 103,
      },
      navigateTo: null,
      links: null,
    },
    {
      id: 'aws_services',
      parent: null,
      level: 0,
      children: [],
      inEdges: [
        '1e6y337',
        '1fcb04u',
        'zdemxc',
      ],
      outEdges: [],
      title: 'AWS Services',
      modelRef: 'aws_services',
      shape: 'rectangle',
      color: 'muted',
      icon: 'file://./assets/logos/aws-fargate.svg',
      style: {
        opacity: 20,
        size: 'md',
      },
      description: {
        txt: 'Aggregate representation of supporting AWS managed services used by UKPS.',
      },
      tags: [],
      notation: 'External Software System',
      technology: 'Cognito, SQS, Lambda, CloudWatch, CloudTrail',
      kind: 'external-system',
      x: 477,
      y: 1026,
      width: 358,
      height: 180,
      labelBBox: {
        x: 46,
        y: 37,
        width: 296,
        height: 103,
      },
      navigateTo: null,
      links: null,
    },
  ],
  edges: [
    {
      id: 'd52noo',
      parent: null,
      source: 'pharma_company',
      target: 'ukps.frontend',
      label: 'submits and manages pipeline data',
      relations: [
        '7zkt7p',
      ],
      color: 'gray',
      line: 'dashed',
      head: 'normal',
      points: [
        [
          1198,
          180,
        ],
        [
          1249,
          213,
        ],
        [
          1308,
          250,
        ],
        [
          1365,
          280,
        ],
        [
          1430,
          313,
        ],
        [
          1504,
          345,
        ],
        [
          1571,
          371,
        ],
      ],
      labelBBox: {
        x: 1366,
        y: 249,
        width: 224,
        height: 18,
      },
      controlPoints: null,
      navigateTo: null,
      tags: null,
    },
    {
      id: '17fq2x',
      parent: null,
      source: 'horizon_scanner',
      target: 'ukps.frontend',
      label: 'browses submissions and reports',
      relations: [
        'x9fgbp',
      ],
      color: 'gray',
      line: 'dashed',
      head: 'normal',
      points: [
        [
          1581,
          180,
        ],
        [
          1599,
          212,
        ],
        [
          1619,
          248,
        ],
        [
          1640,
          280,
        ],
        [
          1654,
          300,
        ],
        [
          1669,
          321,
        ],
        [
          1685,
          341,
        ],
      ],
      labelBBox: {
        x: 1641,
        y: 249,
        width: 212,
        height: 18,
      },
      controlPoints: null,
      navigateTo: null,
      tags: null,
    },
    {
      id: 'pg88ii',
      parent: null,
      source: 'strategic_org',
      target: 'ukps.frontend',
      label: 'views published reports',
      relations: [
        'zw5bjl',
      ],
      color: 'gray',
      line: 'dashed',
      head: 'normal',
      points: [
        [
          1945,
          180,
        ],
        [
          1913,
          229,
        ],
        [
          1872,
          289,
        ],
        [
          1839,
          340,
        ],
      ],
      labelBBox: {
        x: 1906,
        y: 249,
        width: 150,
        height: 18,
      },
      controlPoints: null,
      navigateTo: null,
      tags: null,
    },
    {
      id: '6stygx',
      parent: null,
      source: 'content_manager',
      target: 'ukps.cms',
      label: 'manages public content via admin UI',
      relations: [
        'rf6wkr',
      ],
      color: 'gray',
      line: 'dashed',
      head: 'normal',
      points: [
        [
          2559,
          534,
        ],
        [
          2503,
          578,
        ],
        [
          2435,
          630,
        ],
        [
          2378,
          675,
        ],
      ],
      labelBBox: {
        x: 2503,
        y: 766,
        width: 234,
        height: 18,
      },
      controlPoints: [
        {
          x: 2516,
          y: 770,
        },
      ],
      navigateTo: null,
      tags: null,
    },
    {
      id: '15udiax',
      parent: null,
      source: 'qa_user',
      target: 'ukps.frontend',
      label: 'reviews and QA checks submissions during \npublishing',
      relations: [
        '11h0r9c',
      ],
      color: 'gray',
      line: 'dashed',
      head: 'normal',
      points: [
        [
          2292,
          179,
        ],
        [
          2193,
          229,
        ],
        [
          2068,
          292,
        ],
        [
          1966,
          344,
        ],
      ],
      labelBBox: {
        x: 2171,
        y: 241,
        width: 274,
        height: 35,
      },
      controlPoints: null,
      navigateTo: null,
      tags: null,
    },
    {
      id: '1mxwgzr',
      parent: 'ukps',
      source: 'ukps.frontend',
      target: 'ukps.backend_api',
      label: '[...]',
      relations: [
        'yn04tr',
        '18efsgn',
      ],
      color: 'gray',
      line: 'dashed',
      head: 'normal',
      points: [
        [
          1659,
          538,
        ],
        [
          1607,
          581,
        ],
        [
          1547,
          632,
        ],
        [
          1495,
          675,
        ],
      ],
      labelBBox: {
        x: 1577,
        y: 597,
        width: 25,
        height: 18,
      },
      controlPoints: null,
      navigateTo: null,
      tags: null,
    },
    {
      id: '3bgj09',
      parent: 'ukps',
      source: 'ukps.frontend',
      target: 'ukps.cms',
      label: 'retrieves public content',
      relations: [
        '12d5420',
      ],
      color: 'gray',
      line: 'dashed',
      head: 'normal',
      points: [
        [
          1911,
          538,
        ],
        [
          1975,
          581,
        ],
        [
          2051,
          632,
        ],
        [
          2115,
          676,
        ],
      ],
      labelBBox: {
        x: 2029,
        y: 599,
        width: 148,
        height: 18,
      },
      controlPoints: null,
      navigateTo: null,
      tags: null,
    },
    {
      id: '9wnxtk',
      parent: 'ukps',
      source: 'ukps.frontend',
      target: 'ukps.documents',
      label: 'retrieves documents and media',
      relations: [
        'gq2ehy',
      ],
      color: 'gray',
      line: 'dashed',
      head: 'normal',
      points: [
        [
          1771,
          538,
        ],
        [
          1771,
          663,
        ],
        [
          1771,
          882,
        ],
        [
          1771,
          1010,
        ],
      ],
      labelBBox: {
        x: 1772,
        y: 761,
        width: 199,
        height: 18,
      },
      controlPoints: null,
      navigateTo: null,
      tags: null,
    },
    {
      id: 'p66ykx',
      parent: 'ukps',
      source: 'ukps.backend_api',
      target: 'ukps.app_db',
      label: 'stores and queries primary application \ndata',
      relations: [
        '11d0df2',
      ],
      color: 'gray',
      line: 'dashed',
      head: 'normal',
      points: [
        [
          1211,
          838,
        ],
        [
          1177,
          859,
        ],
        [
          1145,
          887,
        ],
        [
          1125,
          921,
        ],
        [
          1110,
          948,
        ],
        [
          1109,
          980,
        ],
        [
          1113,
          1010,
        ],
      ],
      labelBBox: {
        x: 1126,
        y: 922,
        width: 241,
        height: 35,
      },
      controlPoints: null,
      navigateTo: null,
      tags: null,
    },
    {
      id: 'nlai5x',
      parent: 'ukps',
      source: 'ukps.backend_api',
      target: 'ukps.documents',
      label: 'stores generated documents and exports',
      relations: [
        '1fbclgy',
      ],
      color: 'gray',
      line: 'dashed',
      head: 'normal',
      points: [
        [
          1415,
          861,
        ],
        [
          1432,
          895,
        ],
        [
          1454,
          933,
        ],
        [
          1482,
          961,
        ],
        [
          1510,
          988,
        ],
        [
          1543,
          1011,
        ],
        [
          1577,
          1030,
        ],
      ],
      labelBBox: {
        x: 1483,
        y: 931,
        width: 258,
        height: 18,
      },
      controlPoints: null,
      navigateTo: null,
      tags: null,
    },
    {
      id: '1y7xw9f',
      parent: 'ukps',
      source: 'ukps.cms',
      target: 'ukps.cms_db',
      label: 'reads and writes content',
      relations: [
        'f6q3rp',
      ],
      color: 'gray',
      line: 'dashed',
      head: 'normal',
      points: [
        [
          2256,
          861,
        ],
        [
          2256,
          907,
        ],
        [
          2256,
          963,
        ],
        [
          2256,
          1010,
        ],
      ],
      labelBBox: {
        x: 2257,
        y: 931,
        width: 157,
        height: 18,
      },
      controlPoints: null,
      navigateTo: null,
      tags: null,
    },
    {
      id: 'arfc5n',
      parent: 'ukps',
      source: 'ukps.cms',
      target: 'ukps.documents',
      label: 'stores media assets',
      relations: [
        '1gsvv9q',
      ],
      color: 'gray',
      line: 'dashed',
      head: 'normal',
      points: [
        [
          2128,
          861,
        ],
        [
          2060,
          909,
        ],
        [
          1975,
          968,
        ],
        [
          1905,
          1016,
        ],
      ],
      labelBBox: {
        x: 2029,
        y: 931,
        width: 129,
        height: 18,
      },
      controlPoints: null,
      navigateTo: null,
      tags: null,
    },
    {
      id: '1e6y337',
      parent: null,
      source: 'ukps.frontend',
      target: 'aws_services',
      label: 'uses supporting AWS services',
      relations: [
        'kf7n3d',
      ],
      color: 'gray',
      line: 'dashed',
      head: 'normal',
      points: [
        [
          1580,
          476,
        ],
        [
          1209,
          541,
        ],
        [
          412,
          703,
        ],
        [
          256,
          921,
        ],
        [
          246,
          936,
        ],
        [
          246,
          947,
        ],
        [
          256,
          961,
        ],
        [
          306,
          1030,
        ],
        [
          357,
          992,
        ],
        [
          437,
          1021,
        ],
        [
          452,
          1026,
        ],
        [
          467,
          1032,
        ],
        [
          482,
          1037,
        ],
      ],
      labelBBox: {
        x: 684,
        y: 765,
        width: 194,
        height: 18,
      },
      controlPoints: [
        {
          x: 826,
          y: 644,
        },
        {
          x: 233,
          y: 946,
        },
        {
          x: 341,
          y: 1012,
        },
        {
          x: 444,
          y: 1033,
        },
      ],
      navigateTo: null,
      tags: null,
    },
    {
      id: 'msg3cv',
      parent: null,
      source: 'ukps.backend_api',
      target: 'ses',
      label: 'sends system emails',
      relations: [
        '1wuj44z',
      ],
      color: 'gray',
      line: 'dashed',
      head: 'normal',
      points: [
        [
          1211,
          780,
        ],
        [
          951,
          795,
        ],
        [
          472,
          834,
        ],
        [
          327,
          921,
        ],
        [
          291,
          943,
        ],
        [
          262,
          978,
        ],
        [
          240,
          1012,
        ],
      ],
      labelBBox: {
        x: 729,
        y: 410,
        width: 134,
        height: 18,
      },
      controlPoints: [
        {
          x: 969,
          y: 505,
        },
        {
          x: 700,
          y: 413,
        },
      ],
      navigateTo: null,
      tags: null,
    },
    {
      id: '1fcb04u',
      parent: null,
      source: 'ukps.backend_api',
      target: 'aws_services',
      label: 'uses supporting AWS services',
      relations: [
        '18mivol',
      ],
      color: 'gray',
      line: 'dashed',
      head: 'normal',
      points: [
        [
          1211,
          776,
        ],
        [
          982,
          785,
        ],
        [
          592,
          816,
        ],
        [
          503,
          921,
        ],
        [
          477,
          952,
        ],
        [
          491,
          985,
        ],
        [
          520,
          1014,
        ],
      ],
      labelBBox: {
        x: 489,
        y: 936,
        width: 194,
        height: 18,
      },
      controlPoints: [
        {
          x: 794,
          y: 815,
        },
        {
          x: 475,
          y: 973,
        },
      ],
      navigateTo: null,
      tags: null,
    },
    {
      id: 'zdemxc',
      parent: null,
      source: 'ukps.cms',
      target: 'aws_services',
      label: 'uses supporting AWS services',
      relations: [
        'cez5g4',
      ],
      color: 'gray',
      line: 'dashed',
      head: 'normal',
      points: [
        [
          2082,
          840,
        ],
        [
          2055,
          848,
        ],
        [
          2026,
          856,
        ],
        [
          1999,
          861,
        ],
        [
          1757,
          909,
        ],
        [
          1119,
          829,
        ],
        [
          890,
          921,
        ],
        [
          840,
          942,
        ],
        [
          793,
          978,
        ],
        [
          755,
          1014,
        ],
      ],
      labelBBox: {
        x: 878,
        y: 934,
        width: 194,
        height: 18,
      },
      controlPoints: [
        {
          x: 2037,
          y: 850,
        },
        {
          x: 1532,
          y: 876,
        },
        {
          x: 804,
          y: 965,
        },
      ],
      navigateTo: null,
      tags: null,
    },
  ],
  _layout: 'manual',
}
