{
  _type: 'element',
  tags: null,
  links: null,
  _stage: 'layouted',
  sourcePath: 'src/model.views.c4',
  description: {
    md: 'Level 1 context view showing the main UKPS user groups and\nthe AWS/Cognito systems around the platform.',
  },
  title: 'UK PharmaScan System Context',
  id: 'index',
  autoLayout: {
    direction: 'TB',
  },
  notation: {
    nodes: [
      {
        title: 'Software System',
        shape: 'rectangle',
        color: 'blue',
        kinds: [
          'system',
        ],
      },
    ],
  },
  hash: '0gOUHLxNV7NVtiubOcwxFbTfEUW7AN6Wl0oEZ-WRLdY',
  bounds: {
    x: 45,
    y: -81,
    width: 2136,
    height: 691,
  },
  nodes: [
    {
      id: 'pharma_company',
      parent: null,
      level: 0,
      children: [],
      inEdges: [],
      outEdges: [
        't56o6g',
      ],
      title: 'Pharmaceutical Company',
      modelRef: 'pharma_company',
      shape: 'person',
      color: 'green',
      style: {
        opacity: 15,
        size: 'md',
      },
      description: {
        txt: 'Submits and manages pharmaceutical pipeline data.',
      },
      tags: [],
      kind: 'actor',
      x: 65,
      y: 311,
      width: 351,
      height: 180,
      labelBBox: {
        x: 18,
        y: 56,
        width: 315,
        height: 65,
      },
      navigateTo: null,
      links: null,
    },
    {
      id: 'horizon_scanner',
      parent: null,
      level: 0,
      children: [],
      inEdges: [],
      outEdges: [
        '8q6xex',
      ],
      title: 'Horizon Scanner',
      modelRef: 'horizon_scanner',
      shape: 'person',
      color: 'green',
      style: {
        opacity: 15,
        size: 'md',
      },
      description: {
        txt: 'Browses submissions and consumes reports for horizon scanning.',
      },
      tags: [],
      kind: 'actor',
      x: 439,
      y: 42,
      width: 358,
      height: 180,
      labelBBox: {
        x: 17,
        y: 56,
        width: 322,
        height: 65,
      },
      navigateTo: null,
      links: null,
    },
    {
      id: 'strategic_org',
      parent: null,
      level: 0,
      children: [],
      inEdges: [],
      outEdges: [
        'wunna2',
      ],
      title: 'Strategic Organisation',
      modelRef: 'strategic_org',
      shape: 'person',
      color: 'green',
      style: {
        opacity: 15,
        size: 'md',
      },
      description: {
        txt: 'Consumes reports and other published outputs.',
      },
      tags: [],
      kind: 'actor',
      x: 920,
      y: -61,
      width: 356,
      height: 180,
      labelBBox: {
        x: 18,
        y: 65,
        width: 320,
        height: 47,
      },
      navigateTo: null,
      links: null,
    },
    {
      id: 'content_manager',
      parent: null,
      level: 0,
      children: [],
      inEdges: [],
      outEdges: [
        '109iape',
      ],
      title: 'Content Manager',
      modelRef: 'content_manager',
      shape: 'person',
      color: 'green',
      style: {
        opacity: 15,
        size: 'md',
      },
      description: {
        txt: 'Maintains the public-facing website content through the CMS.',
      },
      tags: [],
      kind: 'actor',
      x: 1433,
      y: 54,
      width: 326,
      height: 180,
      labelBBox: {
        x: 18,
        y: 56,
        width: 290,
        height: 65,
      },
      navigateTo: null,
      links: null,
    },
    {
      id: 'qa_user',
      parent: null,
      level: 0,
      children: [],
      inEdges: [],
      outEdges: [
        'ldvf2h',
      ],
      title: 'QA',
      modelRef: 'qa_user',
      shape: 'person',
      color: 'green',
      style: {
        opacity: 15,
        size: 'md',
      },
      description: {
        txt: 'NICE QA users who review and quality-assure submissions as part of the publishing flow.',
      },
      tags: [],
      kind: 'actor',
      x: 1813,
      y: 327,
      width: 348,
      height: 180,
      labelBBox: {
        x: 17,
        y: 56,
        width: 312,
        height: 65,
      },
      navigateTo: null,
      links: null,
    },
    {
      id: 'ukps',
      parent: null,
      level: 0,
      children: [],
      inEdges: [
        't56o6g',
        '8q6xex',
        'wunna2',
        '109iape',
        'ldvf2h',
      ],
      outEdges: [],
      title: 'UK PharmaScan (UKPS)',
      modelRef: 'ukps',
      shape: 'rectangle',
      color: 'blue',
      icon: 'file://./assets/logos/ukps.svg',
      style: {
        opacity: 20,
        size: 'lg',
      },
      description: {
        md: 'Web-based platform for collecting, managing, and distributing\npharmaceutical pipeline data across UK healthcare stakeholders.',
      },
      tags: [],
      notation: 'Software System',
      kind: 'system',
      navigateTo: 'containers',
      x: 886,
      y: 356,
      width: 433,
      height: 234,
      labelBBox: {
        x: 57,
        y: 55,
        width: 360,
        height: 120,
      },
      links: null,
    },
  ],
  edges: [
    {
      id: 't56o6g',
      parent: null,
      source: 'pharma_company',
      target: 'ukps',
      label: 'submits and manages pipeline data',
      relations: [
        '7zkt7p',
      ],
      color: 'gray',
      line: 'dashed',
      head: 'normal',
      points: [
        [
          348,
          180,
        ],
        [
          416,
          213,
        ],
        [
          496,
          250,
        ],
        [
          569,
          280,
        ],
        [
          670,
          320,
        ],
        [
          784,
          358,
        ],
        [
          881,
          389,
        ],
      ],
      labelBBox: {
        x: 604,
        y: 433,
        width: 224,
        height: 18,
      },
      controlPoints: [
        {
          x: 498,
          y: 448,
        },
        {
          x: 748,
          y: 469,
        },
      ],
      navigateTo: null,
      tags: null,
    },
    {
      id: '8q6xex',
      parent: null,
      source: 'horizon_scanner',
      target: 'ukps',
      label: 'browses submissions and reports',
      relations: [
        'x9fgbp',
      ],
      color: 'gray',
      line: 'dashed',
      head: 'normal',
      points: [
        [
          744,
          180,
        ],
        [
          783,
          212,
        ],
        [
          826,
          248,
        ],
        [
          867,
          280,
        ],
        [
          889,
          297,
        ],
        [
          914,
          316,
        ],
        [
          937,
          333,
        ],
      ],
      labelBBox: {
        x: 852,
        y: 278,
        width: 212,
        height: 18,
      },
      controlPoints: [
        {
          x: 752,
          y: 235,
        },
        {
          x: 888,
          y: 333,
        },
      ],
      navigateTo: null,
      tags: null,
    },
    {
      id: 'wunna2',
      parent: null,
      source: 'strategic_org',
      target: 'ukps',
      label: 'views published reports',
      relations: [
        'zw5bjl',
      ],
      color: 'gray',
      line: 'dashed',
      head: 'normal',
      points: [
        [
          1108,
          180,
        ],
        [
          1108,
          225,
        ],
        [
          1108,
          280,
        ],
        [
          1108,
          329,
        ],
      ],
      labelBBox: {
        x: 1100,
        y: 220,
        width: 150,
        height: 18,
      },
      controlPoints: [
        {
          x: 1099,
          y: 226,
        },
      ],
      navigateTo: null,
      tags: null,
    },
    {
      id: '109iape',
      parent: null,
      source: 'content_manager',
      target: 'ukps',
      label: 'manages public content via admin UI',
      relations: [
        'rf6wkr',
      ],
      color: 'gray',
      line: 'dashed',
      head: 'normal',
      points: [
        [
          1449,
          180,
        ],
        [
          1392,
          226,
        ],
        [
          1321,
          283,
        ],
        [
          1259,
          333,
        ],
      ],
      labelBBox: {
        x: 1392,
        y: 286,
        width: 234,
        height: 18,
      },
      controlPoints: [
        {
          x: 1367,
          y: 294,
        },
      ],
      navigateTo: null,
      tags: null,
    },
    {
      id: 'ldvf2h',
      parent: null,
      source: 'qa_user',
      target: 'ukps',
      label: 'reviews and QA checks submissions during \npublishing',
      relations: [
        '11h0r9c',
      ],
      color: 'gray',
      line: 'dashed',
      head: 'normal',
      points: [
        [
          1844,
          180,
        ],
        [
          1780,
          213,
        ],
        [
          1705,
          250,
        ],
        [
          1636,
          280,
        ],
        [
          1539,
          320,
        ],
        [
          1428,
          358,
        ],
        [
          1334,
          388,
        ],
      ],
      labelBBox: {
        x: 1705,
        y: 464,
        width: 274,
        height: 35,
      },
      controlPoints: [
        {
          x: 1725,
          y: 461,
        },
        {
          x: 1472,
          y: 478,
        },
      ],
      navigateTo: null,
      tags: null,
    },
  ],
  _layout: 'manual',
}
